// Jest Snapshot v1, https://goo.gl/fbAQLP

exports[`<Error /> test Should render correctly 1`] = `
<h2
  className="sc-bdVaJa gnWSe"
>
  Something goes wrong...
</h2>
`;
